../Src/main.c:71:6:DeviceStateMachine	16	static
../Src/main.c:114:6:Snake_Init	8	static
../Src/main.c:124:6:Snake_Move	16	static
../Src/main.c:140:6:Snake_GenerateFood	8	static
../Src/main.c:145:5:Snake_CheckCollision	16	static
../Src/main.c:163:6:Snake_Draw	24	static
../Src/main.c:175:6:Snake_GameOver	24	static
../Src/main.c:183:20:GetStateApp	4	static
../Src/main.c:187:13:SetStateApp	16	static
../Src/main.c:191:13:AppStateManager	16	static
../Src/main.c:211:6:AppInitCommon	8	static
../Src/main.c:219:5:main	8	static
